Executor initialized.
--- Test 1: PyPDF2 ---
Hint: PyPDF2 API Mismatch: You are likely using PyPDF2 < 3.0.0 which uses `PdfFileReader`, not `PdfReader`.
**FIX:** Use `PdfFileReader` (legacy) OR upgrade package `pip_install(packages=['PyPDF2>=3.0.0'])`.
PASS: PyPDF2 hint

--- Test 2: NameError ---
Hint: Variable/Module not defined. Check your imports. Did you forget to import a library you installed?
PASS: NameError hint

--- Test 3: pdf2epub ---
Hint: Package missing or broken. 
1. Check if the package name is correct (e.g. `PIL` vs `Pillow`, `fitz` vs `PyMuPDF`).
2. Try `pip_install` again.
3. If it persists, switch to a standard library approach (e.g. `json`, `csv`, `urllib`).
FAIL: pdf2epub hint. Got: Package missing or broken. 
1. Check if the package name is correct (e.g. `PIL` vs `Pillow`, `fitz` vs `PyMuPDF`).
2. Try `pip_install` again.
3. If it persists, switch to a standard library approach (e.g. `json`, `csv`, `urllib`).
